// Jest Snapshot v1, https://goo.gl/fbAQLP

exports[`<Works /> should render the heading 1`] = `
.c0 {
  box-shadow: 0 4px 25px rgba(14,36,49,0.15);
  border-radius: 0.5rem;
  overflow: hidden;
}

.c1 {
  -webkit-transition: 1s;
  transition: 1s;
  cursor: pointer;
}

.c1:hover {
  -webkit-transform: scale(1.1);
  -ms-transform: scale(1.1);
  transform: scale(1.1);
}

<div
  class="c0"
>
  <img
    class="c1"
  />
</div>
`;
